// Jest Snapshot v1, https://goo.gl/fbAQLP

exports[`<Projects /> Rendering should match the snapshot 1`] = `"<section id=\\"portfolio\\" class=\\"projects-0-1-1\\"><div class=\\"row\\"><div class=\\"offset-2 ten columns collapsed\\"><h1>Portfolio</h1><div id=\\"portfolio-wrapper\\" class=\\"portfoliowrapper-0-1-2 bgrid-quarters s-bgrid-thirds cf\\"><div class=\\"columns\\"><div id=\\"project0\\" class=\\"itemwrap-0-1-3\\"><img src=\\"/images/modal/thumb/barthachijuu_thumb.png\\" alt=\\"barthachijuu.io\\"/><div class=\\"overlay-0-1-4\\"><div class=\\"itemmeta-0-1-5\\"><h5>barthachijuu.io</h5><p>Web</p></div></div></div></div><div class=\\"columns\\"><div id=\\"project1\\" class=\\"itemwrap-0-1-3\\"><img src=\\"/images/modal/thumb/fereact_thumb.jpg\\" alt=\\"FE React Ark\\"/><div class=\\"overlay-0-1-4\\"><div class=\\"itemmeta-0-1-5\\"><h5>FE React Ark</h5><p>Web</p></div></div></div></div></div></div></div></section>"`;
